node.exe : FAIL src/modules/ai/ai.service.spec.ts 
(17.074 s)
At C:\Program Files\nodejs\npx.ps1:16 char:5
+     & "$basedir/node$exe"  
"$basedir/node_modules/npm/bin/npx-cli.js" ...
+     ~~~~~~~~~~~~~~~~~~~~~~~~~~~~~~~~~~~~~~~~~~~~
~~~~~~~~~~~~~~~~~~~~~
    + CategoryInfo          : NotSpecified: (FAIL 
    src/module...c.ts (17.074 s):String) [], Rem  
  oteException
    + FullyQualifiedErrorId : NativeCommandError
 
  AiService
    ├ù should be defined (12 ms)
    attemptRecovery
      ├ù should retry with shorter history on 
context_length_exceeded (3 ms)
      ├ù should return fallback message on max 
retries (2 ms)
    Strategy Pattern Integration
      ├ù should use PackageInquiryStrategy for 
package queries (2 ms)
      ├ù should use BookingStrategy when draft 
exists (2 ms)

  ΓùÅ AiService ΓÇ║ should be defined

    Nest can't resolve dependencies of the 
AiService (ConfigService, PrismaService, 
BookingsService, MessagesService, 
EscalationService, ?). Please make sure that the 
argument "BullQueue_aiQueue" at index [5] is 
available in the RootTestModule context.

    Potential solutions:
    - Is RootTestModule a valid NestJS module?
    - If "BullQueue_aiQueue" is a provider, is it 
part of the current RootTestModule?
    - If "BullQueue_aiQueue" is exported from a 
separate @Module, is that module imported within 
RootTestModule?
      @Module({
        imports: [ /* the Module containing 
"BullQueue_aiQueue" */ ]
      })

    [0m [90m 12 |[39m
     [90m 13 |[39m     
beforeEach([36masync[39m () [33m=>[39m {
    [31m[1m>[22m[39m[90m 14 |[39m         
[36mconst[39m module[33m:[39m 
[33mTestingModule[39m [33m=[39m 
[36mawait[39m 
[33mTest[39m[33m.[39mcreateTestingModule({
     [90m    |[39m                              
         [31m[1m^[22m[39m
     [90m 15 |[39m             
providers[33m:[39m [
     [90m 16 |[39m                 
[33mAiService[39m[33m,[39m
     [90m 17 |[39m                 {[0m

      at 
TestingInjector.lookupComponentInParentModules (..
/node_modules/@nestjs/core/injector/injector.js:26
2:19)
      at TestingInjector.resolveComponentInstance 
(../node_modules/@nestjs/core/injector/injector.js
:215:33)
      at TestingInjector.resolveComponentInstance 
(../node_modules/@nestjs/testing/testing-injector.
js:19:45)
      at resolveParam (../node_modules/@nestjs/cor
e/injector/injector.js:129:38)
          at async Promise.all (index 5)
      at TestingInjector.resolveConstructorParams 
(../node_modules/@nestjs/core/injector/injector.js
:144:27)
      at TestingInjector.loadInstance (../node_mod
ules/@nestjs/core/injector/injector.js:70:13)
      at TestingInjector.loadProvider (../node_mod
ules/@nestjs/core/injector/injector.js:98:9)
      at ../node_modules/@nestjs/core/injector/ins
tance-loader.js:56:13
          at async Promise.all (index 3)
      at 
TestingInstanceLoader.createInstancesOfProviders (
../node_modules/@nestjs/core/injector/instance-loa
der.js:55:9)
      at ../node_modules/@nestjs/core/injector/ins
tance-loader.js:40:13
          at async Promise.all (index 1)
      at TestingInstanceLoader.createInstances (..
/node_modules/@nestjs/core/injector/instance-loade
r.js:39:9)
      at TestingInstanceLoader.createInstancesOfDe
pendencies (../node_modules/@nestjs/core/injector/
instance-loader.js:22:13)
      at TestingInstanceLoader.createInstancesOfDe
pendencies (../node_modules/@nestjs/testing/testin
g-instance-loader.js:9:9)
      at TestingModuleBuilder.createInstancesOfDep
endencies (../node_modules/@nestjs/testing/testing
-module.builder.js:118:9)
      at TestingModuleBuilder.compile (../node_mod
ules/@nestjs/testing/testing-module.builder.js:74:
9)
      at Object.<anonymous> 
(modules/ai/ai.service.spec.ts:14:39)

  ΓùÅ AiService ΓÇ║ attemptRecovery ΓÇ║ should 
retry with shorter history on 
context_length_exceeded

    Nest can't resolve dependencies of the 
AiService (ConfigService, PrismaService, 
BookingsService, MessagesService, 
EscalationService, ?). Please make sure that the 
argument "BullQueue_aiQueue" at index [5] is 
available in the RootTestModule context.

    Potential solutions:
    - Is RootTestModule a valid NestJS module?
    - If "BullQueue_aiQueue" is a provider, is it 
part of the current RootTestModule?
    - If "BullQueue_aiQueue" is exported from a 
separate @Module, is that module imported within 
RootTestModule?
      @Module({
        imports: [ /* the Module containing 
"BullQueue_aiQueue" */ ]
      })

    [0m [90m 12 |[39m
     [90m 13 |[39m     
beforeEach([36masync[39m () [33m=>[39m {
    [31m[1m>[22m[39m[90m 14 |[39m         
[36mconst[39m module[33m:[39m 
[33mTestingModule[39m [33m=[39m 
[36mawait[39m 
[33mTest[39m[33m.[39mcreateTestingModule({
     [90m    |[39m                              
         [31m[1m^[22m[39m
     [90m 15 |[39m             
providers[33m:[39m [
     [90m 16 |[39m                 
[33mAiService[39m[33m,[39m
     [90m 17 |[39m                 {[0m

      at 
TestingInjector.lookupComponentInParentModules (..
/node_modules/@nestjs/core/injector/injector.js:26
2:19)
      at TestingInjector.resolveComponentInstance 
(../node_modules/@nestjs/core/injector/injector.js
:215:33)
      at TestingInjector.resolveComponentInstance 
(../node_modules/@nestjs/testing/testing-injector.
js:19:45)
      at resolveParam (../node_modules/@nestjs/cor
e/injector/injector.js:129:38)
          at async Promise.all (index 5)
      at TestingInjector.resolveConstructorParams 
(../node_modules/@nestjs/core/injector/injector.js
:144:27)
      at TestingInjector.loadInstance (../node_mod
ules/@nestjs/core/injector/injector.js:70:13)
      at TestingInjector.loadProvider (../node_mod
ules/@nestjs/core/injector/injector.js:98:9)
      at ../node_modules/@nestjs/core/injector/ins
tance-loader.js:56:13
          at async Promise.all (index 3)
      at 
TestingInstanceLoader.createInstancesOfProviders (
../node_modules/@nestjs/core/injector/instance-loa
der.js:55:9)
      at ../node_modules/@nestjs/core/injector/ins
tance-loader.js:40:13
          at async Promise.all (index 1)
      at TestingInstanceLoader.createInstances (..
/node_modules/@nestjs/core/injector/instance-loade
r.js:39:9)
      at TestingInstanceLoader.createInstancesOfDe
pendencies (../node_modules/@nestjs/core/injector/
instance-loader.js:22:13)
      at TestingInstanceLoader.createInstancesOfDe
pendencies (../node_modules/@nestjs/testing/testin
g-instance-loader.js:9:9)
      at TestingModuleBuilder.createInstancesOfDep
endencies (../node_modules/@nestjs/testing/testing
-module.builder.js:118:9)
      at TestingModuleBuilder.compile (../node_mod
ules/@nestjs/testing/testing-module.builder.js:74:
9)
      at Object.<anonymous> 
(modules/ai/ai.service.spec.ts:14:39)

  ΓùÅ AiService ΓÇ║ attemptRecovery ΓÇ║ should 
return fallback message on max retries

    Nest can't resolve dependencies of the 
AiService (ConfigService, PrismaService, 
BookingsService, MessagesService, 
EscalationService, ?). Please make sure that the 
argument "BullQueue_aiQueue" at index [5] is 
available in the RootTestModule context.

    Potential solutions:
    - Is RootTestModule a valid NestJS module?
    - If "BullQueue_aiQueue" is a provider, is it 
part of the current RootTestModule?
    - If "BullQueue_aiQueue" is exported from a 
separate @Module, is that module imported within 
RootTestModule?
      @Module({
        imports: [ /* the Module containing 
"BullQueue_aiQueue" */ ]
      })

    [0m [90m 12 |[39m
     [90m 13 |[39m     
beforeEach([36masync[39m () [33m=>[39m {
    [31m[1m>[22m[39m[90m 14 |[39m         
[36mconst[39m module[33m:[39m 
[33mTestingModule[39m [33m=[39m 
[36mawait[39m 
[33mTest[39m[33m.[39mcreateTestingModule({
     [90m    |[39m                              
         [31m[1m^[22m[39m
     [90m 15 |[39m             
providers[33m:[39m [
     [90m 16 |[39m                 
[33mAiService[39m[33m,[39m
     [90m 17 |[39m                 {[0m

      at 
TestingInjector.lookupComponentInParentModules (..
/node_modules/@nestjs/core/injector/injector.js:26
2:19)
      at TestingInjector.resolveComponentInstance 
(../node_modules/@nestjs/core/injector/injector.js
:215:33)
      at TestingInjector.resolveComponentInstance 
(../node_modules/@nestjs/testing/testing-injector.
js:19:45)
      at resolveParam (../node_modules/@nestjs/cor
e/injector/injector.js:129:38)
          at async Promise.all (index 5)
      at TestingInjector.resolveConstructorParams 
(../node_modules/@nestjs/core/injector/injector.js
:144:27)
      at TestingInjector.loadInstance (../node_mod
ules/@nestjs/core/injector/injector.js:70:13)
      at TestingInjector.loadProvider (../node_mod
ules/@nestjs/core/injector/injector.js:98:9)
      at ../node_modules/@nestjs/core/injector/ins
tance-loader.js:56:13
          at async Promise.all (index 3)
      at 
TestingInstanceLoader.createInstancesOfProviders (
../node_modules/@nestjs/core/injector/instance-loa
der.js:55:9)
      at ../node_modules/@nestjs/core/injector/ins
tance-loader.js:40:13
          at async Promise.all (index 1)
      at TestingInstanceLoader.createInstances (..
/node_modules/@nestjs/core/injector/instance-loade
r.js:39:9)
      at TestingInstanceLoader.createInstancesOfDe
pendencies (../node_modules/@nestjs/core/injector/
instance-loader.js:22:13)
      at TestingInstanceLoader.createInstancesOfDe
pendencies (../node_modules/@nestjs/testing/testin
g-instance-loader.js:9:9)
      at TestingModuleBuilder.createInstancesOfDep
endencies (../node_modules/@nestjs/testing/testing
-module.builder.js:118:9)
      at TestingModuleBuilder.compile (../node_mod
ules/@nestjs/testing/testing-module.builder.js:74:
9)
      at Object.<anonymous> 
(modules/ai/ai.service.spec.ts:14:39)

  ΓùÅ AiService ΓÇ║ Strategy Pattern Integration 
ΓÇ║ should use PackageInquiryStrategy for package 
queries

    Nest can't resolve dependencies of the 
AiService (ConfigService, PrismaService, 
BookingsService, MessagesService, 
EscalationService, ?). Please make sure that the 
argument "BullQueue_aiQueue" at index [5] is 
available in the RootTestModule context.

    Potential solutions:
    - Is RootTestModule a valid NestJS module?
    - If "BullQueue_aiQueue" is a provider, is it 
part of the current RootTestModule?
    - If "BullQueue_aiQueue" is exported from a 
separate @Module, is that module imported within 
RootTestModule?
      @Module({
        imports: [ /* the Module containing 
"BullQueue_aiQueue" */ ]
      })

    [0m [90m 12 |[39m
     [90m 13 |[39m     
beforeEach([36masync[39m () [33m=>[39m {
    [31m[1m>[22m[39m[90m 14 |[39m         
[36mconst[39m module[33m:[39m 
[33mTestingModule[39m [33m=[39m 
[36mawait[39m 
[33mTest[39m[33m.[39mcreateTestingModule({
     [90m    |[39m                              
         [31m[1m^[22m[39m
     [90m 15 |[39m             
providers[33m:[39m [
     [90m 16 |[39m                 
[33mAiService[39m[33m,[39m
     [90m 17 |[39m                 {[0m

      at 
TestingInjector.lookupComponentInParentModules (..
/node_modules/@nestjs/core/injector/injector.js:26
2:19)
      at TestingInjector.resolveComponentInstance 
(../node_modules/@nestjs/core/injector/injector.js
:215:33)
      at TestingInjector.resolveComponentInstance 
(../node_modules/@nestjs/testing/testing-injector.
js:19:45)
      at resolveParam (../node_modules/@nestjs/cor
e/injector/injector.js:129:38)
          at async Promise.all (index 5)
      at TestingInjector.resolveConstructorParams 
(../node_modules/@nestjs/core/injector/injector.js
:144:27)
      at TestingInjector.loadInstance (../node_mod
ules/@nestjs/core/injector/injector.js:70:13)
      at TestingInjector.loadProvider (../node_mod
ules/@nestjs/core/injector/injector.js:98:9)
      at ../node_modules/@nestjs/core/injector/ins
tance-loader.js:56:13
          at async Promise.all (index 3)
      at 
TestingInstanceLoader.createInstancesOfProviders (
../node_modules/@nestjs/core/injector/instance-loa
der.js:55:9)
      at ../node_modules/@nestjs/core/injector/ins
tance-loader.js:40:13
          at async Promise.all (index 1)
      at TestingInstanceLoader.createInstances (..
/node_modules/@nestjs/core/injector/instance-loade
r.js:39:9)
      at TestingInstanceLoader.createInstancesOfDe
pendencies (../node_modules/@nestjs/core/injector/
instance-loader.js:22:13)
      at TestingInstanceLoader.createInstancesOfDe
pendencies (../node_modules/@nestjs/testing/testin
g-instance-loader.js:9:9)
      at TestingModuleBuilder.createInstancesOfDep
endencies (../node_modules/@nestjs/testing/testing
-module.builder.js:118:9)
      at TestingModuleBuilder.compile (../node_mod
ules/@nestjs/testing/testing-module.builder.js:74:
9)
      at Object.<anonymous> 
(modules/ai/ai.service.spec.ts:14:39)

  ΓùÅ AiService ΓÇ║ Strategy Pattern Integration 
ΓÇ║ should use BookingStrategy when draft exists

    Nest can't resolve dependencies of the 
AiService (ConfigService, PrismaService, 
BookingsService, MessagesService, 
EscalationService, ?). Please make sure that the 
argument "BullQueue_aiQueue" at index [5] is 
available in the RootTestModule context.

    Potential solutions:
    - Is RootTestModule a valid NestJS module?
    - If "BullQueue_aiQueue" is a provider, is it 
part of the current RootTestModule?
    - If "BullQueue_aiQueue" is exported from a 
separate @Module, is that module imported within 
RootTestModule?
      @Module({
        imports: [ /* the Module containing 
"BullQueue_aiQueue" */ ]
      })

    [0m [90m 12 |[39m
     [90m 13 |[39m     
beforeEach([36masync[39m () [33m=>[39m {
    [31m[1m>[22m[39m[90m 14 |[39m         
[36mconst[39m module[33m:[39m 
[33mTestingModule[39m [33m=[39m 
[36mawait[39m 
[33mTest[39m[33m.[39mcreateTestingModule({
     [90m    |[39m                              
         [31m[1m^[22m[39m
     [90m 15 |[39m             
providers[33m:[39m [
     [90m 16 |[39m                 
[33mAiService[39m[33m,[39m
     [90m 17 |[39m                 {[0m

      at 
TestingInjector.lookupComponentInParentModules (..
/node_modules/@nestjs/core/injector/injector.js:26
2:19)
      at TestingInjector.resolveComponentInstance 
(../node_modules/@nestjs/core/injector/injector.js
:215:33)
      at TestingInjector.resolveComponentInstance 
(../node_modules/@nestjs/testing/testing-injector.
js:19:45)
      at resolveParam (../node_modules/@nestjs/cor
e/injector/injector.js:129:38)
          at async Promise.all (index 5)
      at TestingInjector.resolveConstructorParams 
(../node_modules/@nestjs/core/injector/injector.js
:144:27)
      at TestingInjector.loadInstance (../node_mod
ules/@nestjs/core/injector/injector.js:70:13)
      at TestingInjector.loadProvider (../node_mod
ules/@nestjs/core/injector/injector.js:98:9)
      at ../node_modules/@nestjs/core/injector/ins
tance-loader.js:56:13
          at async Promise.all (index 3)
      at 
TestingInstanceLoader.createInstancesOfProviders (
../node_modules/@nestjs/core/injector/instance-loa
der.js:55:9)
      at ../node_modules/@nestjs/core/injector/ins
tance-loader.js:40:13
          at async Promise.all (index 1)
      at TestingInstanceLoader.createInstances (..
/node_modules/@nestjs/core/injector/instance-loade
r.js:39:9)
      at TestingInstanceLoader.createInstancesOfDe
pendencies (../node_modules/@nestjs/core/injector/
instance-loader.js:22:13)
      at TestingInstanceLoader.createInstancesOfDe
pendencies (../node_modules/@nestjs/testing/testin
g-instance-loader.js:9:9)
      at TestingModuleBuilder.createInstancesOfDep
endencies (../node_modules/@nestjs/testing/testing
-module.builder.js:118:9)
      at TestingModuleBuilder.compile (../node_mod
ules/@nestjs/testing/testing-module.builder.js:74:
9)
      at Object.<anonymous> 
(modules/ai/ai.service.spec.ts:14:39)

Test Suites: 1 failed, 1 total
Tests:       5 failed, 5 total
Snapshots:   0 total
Time:        17.47 s, estimated 19 s
Ran all test suites matching 
/src\\modules\\ai\\ai.service.spec.ts/i.
